// Jest Snapshot v1, https://goo.gl/fbAQLP

exports[`token redux should return the initial state 1`] = `
Immutable.Map {
  jwt: null,
}
`;
